// Jest Snapshot v1, https://goo.gl/fbAQLP

exports[`Storyshots Action Action 1`] = `
<MemoryRouter
  initialEntries={
    Array [
      Object {
        "pathname": "/",
        "search": "",
        "state": undefined,
      },
    ]
  }
>
  <Routes>
    <Route
      element={
        <RouterLogger>
          <RegenThemeProvider
            injectFonts={true}
          >
            <CssBaseline />
            <Unknown />
          </RegenThemeProvider>
        </RouterLogger>
      }
      path="/"
    >
      <Route
        index={true}
      />
    </Route>
  </Routes>
</MemoryRouter>
`;

exports[`Storyshots Action Action Long Description 1`] = `
<MemoryRouter
  initialEntries={
    Array [
      Object {
        "pathname": "/",
        "search": "",
        "state": undefined,
      },
    ]
  }
>
  <Routes>
    <Route
      element={
        <RouterLogger>
          <RegenThemeProvider
            injectFonts={true}
          >
            <CssBaseline />
            <Unknown />
          </RegenThemeProvider>
        </RouterLogger>
      }
      path="/"
    >
      <Route
        index={true}
      />
    </Route>
  </Routes>
</MemoryRouter>
`;

exports[`Storyshots Blog Post Blog Post 1`] = `
<MemoryRouter
  initialEntries={
    Array [
      Object {
        "pathname": "/",
        "search": "",
        "state": undefined,
      },
    ]
  }
>
  <Routes>
    <Route
      element={
        <RouterLogger>
          <RegenThemeProvider
            injectFonts={true}
          >
            <CssBaseline />
            <Unknown />
          </RegenThemeProvider>
        </RouterLogger>
      }
      path="/"
    >
      <Route
        index={true}
      />
    </Route>
  </Routes>
</MemoryRouter>
`;

exports[`Storyshots Buttons Combined 1`] = `
<MemoryRouter
  initialEntries={
    Array [
      Object {
        "pathname": "/",
        "search": "",
        "state": undefined,
      },
    ]
  }
>
  <Routes>
    <Route
      element={
        <RouterLogger>
          <RegenThemeProvider
            injectFonts={true}
          >
            <CssBaseline />
            <Unknown />
          </RegenThemeProvider>
        </RouterLogger>
      }
      path="/"
    >
      <Route
        index={true}
      />
    </Route>
  </Routes>
</MemoryRouter>
`;

exports[`Storyshots Buttons Contained Button 1`] = `
<MemoryRouter
  initialEntries={
    Array [
      Object {
        "pathname": "/",
        "search": "",
        "state": undefined,
      },
    ]
  }
>
  <Routes>
    <Route
      element={
        <RouterLogger>
          <RegenThemeProvider
            injectFonts={true}
          >
            <CssBaseline />
            <Unknown />
          </RegenThemeProvider>
        </RouterLogger>
      }
      path="/"
    >
      <Route
        index={true}
      />
    </Route>
  </Routes>
</MemoryRouter>
`;

exports[`Storyshots Buttons Edit Button 1`] = `
<MemoryRouter
  initialEntries={
    Array [
      Object {
        "pathname": "/",
        "search": "",
        "state": undefined,
      },
    ]
  }
>
  <Routes>
    <Route
      element={
        <RouterLogger>
          <RegenThemeProvider
            injectFonts={true}
          >
            <CssBaseline />
            <Unknown />
          </RegenThemeProvider>
        </RouterLogger>
      }
      path="/"
    >
      <Route
        index={true}
      />
    </Route>
  </Routes>
</MemoryRouter>
`;

exports[`Storyshots Buttons Expand Button 1`] = `
<MemoryRouter
  initialEntries={
    Array [
      Object {
        "pathname": "/",
        "search": "",
        "state": undefined,
      },
    ]
  }
>
  <Routes>
    <Route
      element={
        <RouterLogger>
          <RegenThemeProvider
            injectFonts={true}
          >
            <CssBaseline />
            <Unknown />
          </RegenThemeProvider>
        </RouterLogger>
      }
      path="/"
    >
      <Route
        index={true}
      />
    </Route>
  </Routes>
</MemoryRouter>
`;

exports[`Storyshots Buttons Next Button 1`] = `
<MemoryRouter
  initialEntries={
    Array [
      Object {
        "pathname": "/",
        "search": "",
        "state": undefined,
      },
    ]
  }
>
  <Routes>
    <Route
      element={
        <RouterLogger>
          <RegenThemeProvider
            injectFonts={true}
          >
            <CssBaseline />
            <Unknown />
          </RegenThemeProvider>
        </RouterLogger>
      }
      path="/"
    >
      <Route
        index={true}
      />
    </Route>
  </Routes>
</MemoryRouter>
`;

exports[`Storyshots Buttons Outlined Button 1`] = `
<MemoryRouter
  initialEntries={
    Array [
      Object {
        "pathname": "/",
        "search": "",
        "state": undefined,
      },
    ]
  }
>
  <Routes>
    <Route
      element={
        <RouterLogger>
          <RegenThemeProvider
            injectFonts={true}
          >
            <CssBaseline />
            <Unknown />
          </RegenThemeProvider>
        </RouterLogger>
      }
      path="/"
    >
      <Route
        index={true}
      />
    </Route>
  </Routes>
</MemoryRouter>
`;

exports[`Storyshots Buttons Prev Button 1`] = `
<MemoryRouter
  initialEntries={
    Array [
      Object {
        "pathname": "/",
        "search": "",
        "state": undefined,
      },
    ]
  }
>
  <Routes>
    <Route
      element={
        <RouterLogger>
          <RegenThemeProvider
            injectFonts={true}
          >
            <CssBaseline />
            <Unknown />
          </RegenThemeProvider>
        </RouterLogger>
      }
      path="/"
    >
      <Route
        index={true}
      />
    </Route>
  </Routes>
</MemoryRouter>
`;

exports[`Storyshots Buttons Table Action Buttons 1`] = `
<MemoryRouter
  initialEntries={
    Array [
      Object {
        "pathname": "/",
        "search": "",
        "state": undefined,
      },
    ]
  }
>
  <Routes>
    <Route
      element={
        <RouterLogger>
          <RegenThemeProvider
            injectFonts={true}
          >
            <CssBaseline />
            <Unknown />
          </RegenThemeProvider>
        </RouterLogger>
      }
      path="/"
    >
      <Route
        index={true}
      />
    </Route>
  </Routes>
</MemoryRouter>
`;

exports[`Storyshots Buttons Text Button 1`] = `
<MemoryRouter
  initialEntries={
    Array [
      Object {
        "pathname": "/",
        "search": "",
        "state": undefined,
      },
    ]
  }
>
  <Routes>
    <Route
      element={
        <RouterLogger>
          <RegenThemeProvider
            injectFonts={true}
          >
            <CssBaseline />
            <Unknown />
          </RegenThemeProvider>
        </RouterLogger>
      }
      path="/"
    >
      <Route
        index={true}
      />
    </Route>
  </Routes>
</MemoryRouter>
`;

exports[`Storyshots Cards Glance Card 1`] = `
<MemoryRouter
  initialEntries={
    Array [
      Object {
        "pathname": "/",
        "search": "",
        "state": undefined,
      },
    ]
  }
>
  <Routes>
    <Route
      element={
        <RouterLogger>
          <RegenThemeProvider
            injectFonts={true}
          >
            <CssBaseline />
            <Unknown />
          </RegenThemeProvider>
        </RouterLogger>
      }
      path="/"
    >
      <Route
        index={true}
      />
    </Route>
  </Routes>
</MemoryRouter>
`;

exports[`Storyshots Cards Green Card 1`] = `
<MemoryRouter
  initialEntries={
    Array [
      Object {
        "pathname": "/",
        "search": "",
        "state": undefined,
      },
    ]
  }
>
  <Routes>
    <Route
      element={
        <RouterLogger>
          <RegenThemeProvider
            injectFonts={true}
          >
            <CssBaseline />
            <Unknown />
          </RegenThemeProvider>
        </RouterLogger>
      }
      path="/"
    >
      <Route
        index={true}
      />
    </Route>
  </Routes>
</MemoryRouter>
`;

exports[`Storyshots Cards Green Top Icon Card 1`] = `
<MemoryRouter
  initialEntries={
    Array [
      Object {
        "pathname": "/",
        "search": "",
        "state": undefined,
      },
    ]
  }
>
  <Routes>
    <Route
      element={
        <RouterLogger>
          <RegenThemeProvider
            injectFonts={true}
          >
            <CssBaseline />
            <Unknown />
          </RegenThemeProvider>
        </RouterLogger>
      }
      path="/"
    >
      <Route
        index={true}
      />
    </Route>
  </Routes>
</MemoryRouter>
`;

exports[`Storyshots Cards Image Action Card 1`] = `
<MemoryRouter
  initialEntries={
    Array [
      Object {
        "pathname": "/",
        "search": "",
        "state": undefined,
      },
    ]
  }
>
  <Routes>
    <Route
      element={
        <RouterLogger>
          <RegenThemeProvider
            injectFonts={true}
          >
            <CssBaseline />
            <Unknown />
          </RegenThemeProvider>
        </RouterLogger>
      }
      path="/"
    >
      <Route
        index={true}
      />
    </Route>
  </Routes>
</MemoryRouter>
`;

exports[`Storyshots Cards Impact Card 1`] = `
<MemoryRouter
  initialEntries={
    Array [
      Object {
        "pathname": "/",
        "search": "",
        "state": undefined,
      },
    ]
  }
>
  <Routes>
    <Route
      element={
        <RouterLogger>
          <RegenThemeProvider
            injectFonts={true}
          >
            <CssBaseline />
            <Unknown />
          </RegenThemeProvider>
        </RouterLogger>
      }
      path="/"
    >
      <Route
        index={true}
      />
    </Route>
  </Routes>
</MemoryRouter>
`;

exports[`Storyshots Cards Map Card 1`] = `
<MemoryRouter
  initialEntries={
    Array [
      Object {
        "pathname": "/",
        "search": "",
        "state": undefined,
      },
    ]
  }
>
  <Routes>
    <Route
      element={
        <RouterLogger>
          <RegenThemeProvider
            injectFonts={true}
          >
            <CssBaseline />
            <Unknown />
          </RegenThemeProvider>
        </RouterLogger>
      }
      path="/"
    >
      <Route
        index={true}
      />
    </Route>
  </Routes>
</MemoryRouter>
`;

exports[`Storyshots Cards Monitored Impact Card 1`] = `
<MemoryRouter
  initialEntries={
    Array [
      Object {
        "pathname": "/",
        "search": "",
        "state": undefined,
      },
    ]
  }
>
  <Routes>
    <Route
      element={
        <RouterLogger>
          <RegenThemeProvider
            injectFonts={true}
          >
            <CssBaseline />
            <Unknown />
          </RegenThemeProvider>
        </RouterLogger>
      }
      path="/"
    >
      <Route
        index={true}
      />
    </Route>
  </Routes>
</MemoryRouter>
`;

exports[`Storyshots Cards On Boarding Card 1`] = `
<MemoryRouter
  initialEntries={
    Array [
      Object {
        "pathname": "/",
        "search": "",
        "state": undefined,
      },
    ]
  }
>
  <Routes>
    <Route
      element={
        <RouterLogger>
          <RegenThemeProvider
            injectFonts={true}
          >
            <CssBaseline />
            <Unknown />
          </RegenThemeProvider>
        </RouterLogger>
      }
      path="/"
    >
      <Route
        index={true}
      />
    </Route>
  </Routes>
</MemoryRouter>
`;

exports[`Storyshots Cards Overview Card 1`] = `
<MemoryRouter
  initialEntries={
    Array [
      Object {
        "pathname": "/",
        "search": "",
        "state": undefined,
      },
    ]
  }
>
  <Routes>
    <Route
      element={
        <RouterLogger>
          <RegenThemeProvider
            injectFonts={true}
          >
            <CssBaseline />
            <Unknown />
          </RegenThemeProvider>
        </RouterLogger>
      }
      path="/"
    >
      <Route
        index={true}
      />
    </Route>
  </Routes>
</MemoryRouter>
`;

exports[`Storyshots Cards Overview Cards Group 1`] = `
<MemoryRouter
  initialEntries={
    Array [
      Object {
        "pathname": "/",
        "search": "",
        "state": undefined,
      },
    ]
  }
>
  <Routes>
    <Route
      element={
        <RouterLogger>
          <RegenThemeProvider
            injectFonts={true}
          >
            <CssBaseline />
            <Unknown />
          </RegenThemeProvider>
        </RouterLogger>
      }
      path="/"
    >
      <Route
        index={true}
      />
    </Route>
  </Routes>
</MemoryRouter>
`;

exports[`Storyshots Cards Project Card 1`] = `
<MemoryRouter
  initialEntries={
    Array [
      Object {
        "pathname": "/",
        "search": "",
        "state": undefined,
      },
    ]
  }
>
  <Routes>
    <Route
      element={
        <RouterLogger>
          <RegenThemeProvider
            injectFonts={true}
          >
            <CssBaseline />
            <Unknown />
          </RegenThemeProvider>
        </RouterLogger>
      }
      path="/"
    >
      <Route
        index={true}
      />
    </Route>
  </Routes>
</MemoryRouter>
`;

exports[`Storyshots Cards Project Impact Card 1`] = `
<MemoryRouter
  initialEntries={
    Array [
      Object {
        "pathname": "/",
        "search": "",
        "state": undefined,
      },
    ]
  }
>
  <Routes>
    <Route
      element={
        <RouterLogger>
          <RegenThemeProvider
            injectFonts={true}
          >
            <CssBaseline />
            <Unknown />
          </RegenThemeProvider>
        </RouterLogger>
      }
      path="/"
    >
      <Route
        index={true}
      />
    </Route>
  </Routes>
</MemoryRouter>
`;

exports[`Storyshots Cards Project Top Card 1`] = `
<MemoryRouter
  initialEntries={
    Array [
      Object {
        "pathname": "/",
        "search": "",
        "state": undefined,
      },
    ]
  }
>
  <Routes>
    <Route
      element={
        <RouterLogger>
          <RegenThemeProvider
            injectFonts={true}
          >
            <CssBaseline />
            <Unknown />
          </RegenThemeProvider>
        </RouterLogger>
      }
      path="/"
    >
      <Route
        index={true}
      />
    </Route>
  </Routes>
</MemoryRouter>
`;

exports[`Storyshots Cards Purchased Credits Card 1`] = `
<MemoryRouter
  initialEntries={
    Array [
      Object {
        "pathname": "/",
        "search": "",
        "state": undefined,
      },
    ]
  }
>
  <Routes>
    <Route
      element={
        <RouterLogger>
          <RegenThemeProvider
            injectFonts={true}
          >
            <CssBaseline />
            <Unknown />
          </RegenThemeProvider>
        </RouterLogger>
      }
      path="/"
    >
      <Route
        index={true}
      />
    </Route>
  </Routes>
</MemoryRouter>
`;

exports[`Storyshots Cards Resources Card 1`] = `
<MemoryRouter
  initialEntries={
    Array [
      Object {
        "pathname": "/",
        "search": "",
        "state": undefined,
      },
    ]
  }
>
  <Routes>
    <Route
      element={
        <RouterLogger>
          <RegenThemeProvider
            injectFonts={true}
          >
            <CssBaseline />
            <Unknown />
          </RegenThemeProvider>
        </RouterLogger>
      }
      path="/"
    >
      <Route
        index={true}
      />
    </Route>
  </Routes>
</MemoryRouter>
`;

exports[`Storyshots Cards Review Card 1`] = `
<MemoryRouter
  initialEntries={
    Array [
      Object {
        "pathname": "/",
        "search": "",
        "state": undefined,
      },
    ]
  }
>
  <Routes>
    <Route
      element={
        <RouterLogger>
          <RegenThemeProvider
            injectFonts={true}
          >
            <CssBaseline />
            <Unknown />
          </RegenThemeProvider>
        </RouterLogger>
      }
      path="/"
    >
      <Route
        index={true}
      />
    </Route>
  </Routes>
</MemoryRouter>
`;

exports[`Storyshots Cards Step Card 1`] = `
<MemoryRouter
  initialEntries={
    Array [
      Object {
        "pathname": "/",
        "search": "",
        "state": undefined,
      },
    ]
  }
>
  <Routes>
    <Route
      element={
        <RouterLogger>
          <RegenThemeProvider
            injectFonts={true}
          >
            <CssBaseline />
            <Unknown />
          </RegenThemeProvider>
        </RouterLogger>
      }
      path="/"
    >
      <Route
        index={true}
      />
    </Route>
  </Routes>
</MemoryRouter>
`;

exports[`Storyshots Cards/Create Card Create Credit Class Card 1`] = `
<MemoryRouter
  initialEntries={
    Array [
      Object {
        "pathname": "/",
        "search": "",
        "state": undefined,
      },
    ]
  }
>
  <Routes>
    <Route
      element={
        <RouterLogger>
          <RegenThemeProvider
            injectFonts={true}
          >
            <CssBaseline />
            <Unknown />
          </RegenThemeProvider>
        </RouterLogger>
      }
      path="/"
    >
      <Route
        index={true}
      />
    </Route>
  </Routes>
</MemoryRouter>
`;

exports[`Storyshots Cards/Create Card Create Project Card 1`] = `
<MemoryRouter
  initialEntries={
    Array [
      Object {
        "pathname": "/",
        "search": "",
        "state": undefined,
      },
    ]
  }
>
  <Routes>
    <Route
      element={
        <RouterLogger>
          <RegenThemeProvider
            injectFonts={true}
          >
            <CssBaseline />
            <Unknown />
          </RegenThemeProvider>
        </RouterLogger>
      }
      path="/"
    >
      <Route
        index={true}
      />
    </Route>
  </Routes>
</MemoryRouter>
`;

exports[`Storyshots Cards/Create Card First Credit Class Card 1`] = `
<MemoryRouter
  initialEntries={
    Array [
      Object {
        "pathname": "/",
        "search": "",
        "state": undefined,
      },
    ]
  }
>
  <Routes>
    <Route
      element={
        <RouterLogger>
          <RegenThemeProvider
            injectFonts={true}
          >
            <CssBaseline />
            <Unknown />
          </RegenThemeProvider>
        </RouterLogger>
      }
      path="/"
    >
      <Route
        index={true}
      />
    </Route>
  </Routes>
</MemoryRouter>
`;

exports[`Storyshots Cards/Create Card First Project Card 1`] = `
<MemoryRouter
  initialEntries={
    Array [
      Object {
        "pathname": "/",
        "search": "",
        "state": undefined,
      },
    ]
  }
>
  <Routes>
    <Route
      element={
        <RouterLogger>
          <RegenThemeProvider
            injectFonts={true}
          >
            <CssBaseline />
            <Unknown />
          </RegenThemeProvider>
        </RouterLogger>
      }
      path="/"
    >
      <Route
        index={true}
      />
    </Route>
  </Routes>
</MemoryRouter>
`;

exports[`Storyshots Cards/Create Card No Title Or Icon 1`] = `
<MemoryRouter
  initialEntries={
    Array [
      Object {
        "pathname": "/",
        "search": "",
        "state": undefined,
      },
    ]
  }
>
  <Routes>
    <Route
      element={
        <RouterLogger>
          <RegenThemeProvider
            injectFonts={true}
          >
            <CssBaseline />
            <Unknown />
          </RegenThemeProvider>
        </RouterLogger>
      }
      path="/"
    >
      <Route
        index={true}
      />
    </Route>
  </Routes>
</MemoryRouter>
`;

exports[`Storyshots Cards/Create Card With Title And Icon 1`] = `
<MemoryRouter
  initialEntries={
    Array [
      Object {
        "pathname": "/",
        "search": "",
        "state": undefined,
      },
    ]
  }
>
  <Routes>
    <Route
      element={
        <RouterLogger>
          <RegenThemeProvider
            injectFonts={true}
          >
            <CssBaseline />
            <Unknown />
          </RegenThemeProvider>
        </RouterLogger>
      }
      path="/"
    >
      <Route
        index={true}
      />
    </Route>
  </Routes>
</MemoryRouter>
`;

exports[`Storyshots Cards/CreditClassCard Default 1`] = `
<MemoryRouter
  initialEntries={
    Array [
      Object {
        "pathname": "/",
        "search": "",
        "state": undefined,
      },
    ]
  }
>
  <Routes>
    <Route
      element={
        <RouterLogger>
          <RegenThemeProvider
            injectFonts={true}
          >
            <CssBaseline />
            <Unknown />
          </RegenThemeProvider>
        </RouterLogger>
      }
      path="/"
    >
      <Route
        index={true}
      />
    </Route>
  </Routes>
</MemoryRouter>
`;

exports[`Storyshots Cards/ReviewCard Item Display 1`] = `
<MemoryRouter
  initialEntries={
    Array [
      Object {
        "pathname": "/",
        "search": "",
        "state": undefined,
      },
    ]
  }
>
  <Routes>
    <Route
      element={
        <RouterLogger>
          <RegenThemeProvider
            injectFonts={true}
          >
            <CssBaseline />
            <Unknown />
          </RegenThemeProvider>
        </RouterLogger>
      }
      path="/"
    >
      <Route
        index={true}
      />
    </Route>
  </Routes>
</MemoryRouter>
`;

exports[`Storyshots Cards/ReviewCard Photo 1`] = `
<MemoryRouter
  initialEntries={
    Array [
      Object {
        "pathname": "/",
        "search": "",
        "state": undefined,
      },
    ]
  }
>
  <Routes>
    <Route
      element={
        <RouterLogger>
          <RegenThemeProvider
            injectFonts={true}
          >
            <CssBaseline />
            <Unknown />
          </RegenThemeProvider>
        </RouterLogger>
      }
      path="/"
    >
      <Route
        index={true}
      />
    </Route>
  </Routes>
</MemoryRouter>
`;

exports[`Storyshots Cards/ReviewCard Review Card 1`] = `
<MemoryRouter
  initialEntries={
    Array [
      Object {
        "pathname": "/",
        "search": "",
        "state": undefined,
      },
    ]
  }
>
  <Routes>
    <Route
      element={
        <RouterLogger>
          <RegenThemeProvider
            injectFonts={true}
          >
            <CssBaseline />
            <Unknown />
          </RegenThemeProvider>
        </RouterLogger>
      }
      path="/"
    >
      <Route
        index={true}
      />
    </Route>
  </Routes>
</MemoryRouter>
`;

exports[`Storyshots Cards/ReviewCard Review Card Base 1`] = `
<MemoryRouter
  initialEntries={
    Array [
      Object {
        "pathname": "/",
        "search": "",
        "state": undefined,
      },
    ]
  }
>
  <Routes>
    <Route
      element={
        <RouterLogger>
          <RegenThemeProvider
            injectFonts={true}
          >
            <CssBaseline />
            <Unknown />
          </RegenThemeProvider>
        </RouterLogger>
      }
      path="/"
    >
      <Route
        index={true}
      />
    </Route>
  </Routes>
</MemoryRouter>
`;

exports[`Storyshots Certificate Certificate 1`] = `
<MemoryRouter
  initialEntries={
    Array [
      Object {
        "pathname": "/",
        "search": "",
        "state": undefined,
      },
    ]
  }
>
  <Routes>
    <Route
      element={
        <RouterLogger>
          <RegenThemeProvider
            injectFonts={true}
          >
            <CssBaseline />
            <Unknown />
          </RegenThemeProvider>
        </RouterLogger>
      }
      path="/"
    >
      <Route
        index={true}
      />
    </Route>
  </Routes>
</MemoryRouter>
`;

exports[`Storyshots Charts Bar Chart 1`] = `
<MemoryRouter
  initialEntries={
    Array [
      Object {
        "pathname": "/",
        "search": "",
        "state": undefined,
      },
    ]
  }
>
  <Routes>
    <Route
      element={
        <RouterLogger>
          <RegenThemeProvider
            injectFonts={true}
          >
            <CssBaseline />
            <Unknown />
          </RegenThemeProvider>
        </RouterLogger>
      }
      path="/"
    >
      <Route
        index={true}
      />
    </Route>
  </Routes>
</MemoryRouter>
`;

exports[`Storyshots Credits Credit Details 1`] = `
<MemoryRouter
  initialEntries={
    Array [
      Object {
        "pathname": "/",
        "search": "",
        "state": undefined,
      },
    ]
  }
>
  <Routes>
    <Route
      element={
        <RouterLogger>
          <RegenThemeProvider
            injectFonts={true}
          >
            <CssBaseline />
            <Unknown />
          </RegenThemeProvider>
        </RouterLogger>
      }
      path="/"
    >
      <Route
        index={true}
      />
    </Route>
  </Routes>
</MemoryRouter>
`;

exports[`Storyshots Credits Credits Gauge 1`] = `
<MemoryRouter
  initialEntries={
    Array [
      Object {
        "pathname": "/",
        "search": "",
        "state": undefined,
      },
    ]
  }
>
  <Routes>
    <Route
      element={
        <RouterLogger>
          <RegenThemeProvider
            injectFonts={true}
          >
            <CssBaseline />
            <Unknown />
          </RegenThemeProvider>
        </RouterLogger>
      }
      path="/"
    >
      <Route
        index={true}
      />
    </Route>
  </Routes>
</MemoryRouter>
`;

exports[`Storyshots Document Document 1`] = `
<MemoryRouter
  initialEntries={
    Array [
      Object {
        "pathname": "/",
        "search": "",
        "state": undefined,
      },
    ]
  }
>
  <Routes>
    <Route
      element={
        <RouterLogger>
          <RegenThemeProvider
            injectFonts={true}
          >
            <CssBaseline />
            <Unknown />
          </RegenThemeProvider>
        </RouterLogger>
      }
      path="/"
    >
      <Route
        index={true}
      />
    </Route>
  </Routes>
</MemoryRouter>
`;

exports[`Storyshots EmptyState Default 1`] = `
<MemoryRouter
  initialEntries={
    Array [
      Object {
        "pathname": "/",
        "search": "",
        "state": undefined,
      },
    ]
  }
>
  <Routes>
    <Route
      element={
        <RouterLogger>
          <RegenThemeProvider
            injectFonts={true}
          >
            <CssBaseline />
            <Unknown />
          </RegenThemeProvider>
        </RouterLogger>
      }
      path="/"
    >
      <Route
        index={true}
      />
    </Route>
  </Routes>
</MemoryRouter>
`;

exports[`Storyshots EmptyState With Children 1`] = `
<MemoryRouter
  initialEntries={
    Array [
      Object {
        "pathname": "/",
        "search": "",
        "state": undefined,
      },
    ]
  }
>
  <Routes>
    <Route
      element={
        <RouterLogger>
          <RegenThemeProvider
            injectFonts={true}
          >
            <CssBaseline />
            <Unknown />
          </RegenThemeProvider>
        </RouterLogger>
      }
      path="/"
    >
      <Route
        index={true}
      />
    </Route>
  </Routes>
</MemoryRouter>
`;

exports[`Storyshots FAQ Category 1`] = `
<MemoryRouter
  initialEntries={
    Array [
      Object {
        "pathname": "/",
        "search": "",
        "state": undefined,
      },
    ]
  }
>
  <Routes>
    <Route
      element={
        <RouterLogger>
          <RegenThemeProvider
            injectFonts={true}
          >
            <CssBaseline />
            <Unknown />
          </RegenThemeProvider>
        </RouterLogger>
      }
      path="/"
    >
      <Route
        index={true}
      />
    </Route>
  </Routes>
</MemoryRouter>
`;

exports[`Storyshots FAQ Faq 1`] = `
<MemoryRouter
  initialEntries={
    Array [
      Object {
        "pathname": "/",
        "search": "",
        "state": undefined,
      },
    ]
  }
>
  <Routes>
    <Route
      element={
        <RouterLogger>
          <RegenThemeProvider
            injectFonts={true}
          >
            <CssBaseline />
            <Unknown />
          </RegenThemeProvider>
        </RouterLogger>
      }
      path="/"
    >
      <Route
        index={true}
      />
    </Route>
  </Routes>
</MemoryRouter>
`;

exports[`Storyshots FAQ Navigation 1`] = `
<MemoryRouter
  initialEntries={
    Array [
      Object {
        "pathname": "/",
        "search": "",
        "state": undefined,
      },
    ]
  }
>
  <Routes>
    <Route
      element={
        <RouterLogger>
          <RegenThemeProvider
            injectFonts={true}
          >
            <CssBaseline />
            <Unknown />
          </RegenThemeProvider>
        </RouterLogger>
      }
      path="/"
    >
      <Route
        index={true}
      />
    </Route>
  </Routes>
</MemoryRouter>
`;

exports[`Storyshots FAQ Question 1`] = `
<MemoryRouter
  initialEntries={
    Array [
      Object {
        "pathname": "/",
        "search": "",
        "state": undefined,
      },
    ]
  }
>
  <Routes>
    <Route
      element={
        <RouterLogger>
          <RegenThemeProvider
            injectFonts={true}
          >
            <CssBaseline />
            <Unknown />
          </RegenThemeProvider>
        </RouterLogger>
      }
      path="/"
    >
      <Route
        index={true}
      />
    </Route>
  </Routes>
</MemoryRouter>
`;

exports[`Storyshots Footers Fixed Footer 1`] = `
<MemoryRouter
  initialEntries={
    Array [
      Object {
        "pathname": "/",
        "search": "",
        "state": undefined,
      },
    ]
  }
>
  <Routes>
    <Route
      element={
        <RouterLogger>
          <RegenThemeProvider
            injectFonts={true}
          >
            <CssBaseline />
            <Unknown />
          </RegenThemeProvider>
        </RouterLogger>
      }
      path="/"
    >
      <Route
        index={true}
      />
    </Route>
  </Routes>
</MemoryRouter>
`;

exports[`Storyshots Footers Save Footer 1`] = `
<MemoryRouter
  initialEntries={
    Array [
      Object {
        "pathname": "/",
        "search": "",
        "state": undefined,
      },
    ]
  }
>
  <Routes>
    <Route
      element={
        <RouterLogger>
          <RegenThemeProvider
            injectFonts={true}
          >
            <CssBaseline />
            <Unknown />
          </RegenThemeProvider>
        </RouterLogger>
      }
      path="/"
    >
      <Route
        index={true}
      />
    </Route>
  </Routes>
</MemoryRouter>
`;

exports[`Storyshots Footers Switch Footer 1`] = `
<MemoryRouter
  initialEntries={
    Array [
      Object {
        "pathname": "/",
        "search": "",
        "state": undefined,
      },
    ]
  }
>
  <Routes>
    <Route
      element={
        <RouterLogger>
          <RegenThemeProvider
            injectFonts={true}
          >
            <CssBaseline />
            <Unknown />
          </RegenThemeProvider>
        </RouterLogger>
      }
      path="/"
    >
      <Route
        index={true}
      />
    </Route>
  </Routes>
</MemoryRouter>
`;

exports[`Storyshots Forms Basket Put Form 1`] = `
<MemoryRouter
  initialEntries={
    Array [
      Object {
        "pathname": "/",
        "search": "",
        "state": undefined,
      },
    ]
  }
>
  <Routes>
    <Route
      element={
        <RouterLogger>
          <RegenThemeProvider
            injectFonts={true}
          >
            <CssBaseline />
            <Unknown />
          </RegenThemeProvider>
        </RouterLogger>
      }
      path="/"
    >
      <Route
        index={true}
      />
    </Route>
  </Routes>
</MemoryRouter>
`;

exports[`Storyshots Forms Basket Take Form 1`] = `
<MemoryRouter
  initialEntries={
    Array [
      Object {
        "pathname": "/",
        "search": "",
        "state": undefined,
      },
    ]
  }
>
  <Routes>
    <Route
      element={
        <RouterLogger>
          <RegenThemeProvider
            injectFonts={true}
          >
            <CssBaseline />
            <Unknown />
          </RegenThemeProvider>
        </RouterLogger>
      }
      path="/"
    >
      <Route
        index={true}
      />
    </Route>
  </Routes>
</MemoryRouter>
`;

exports[`Storyshots Forms Credit Batch Recipients Form 1`] = `
<MemoryRouter
  initialEntries={
    Array [
      Object {
        "pathname": "/",
        "search": "",
        "state": undefined,
      },
    ]
  }
>
  <Routes>
    <Route
      element={
        <RouterLogger>
          <RegenThemeProvider
            injectFonts={true}
          >
            <CssBaseline />
            <Unknown />
          </RegenThemeProvider>
        </RouterLogger>
      }
      path="/"
    >
      <Route
        index={true}
      />
    </Route>
  </Routes>
</MemoryRouter>
`;

exports[`Storyshots Forms Login Form 1`] = `
<MemoryRouter
  initialEntries={
    Array [
      Object {
        "pathname": "/",
        "search": "",
        "state": undefined,
      },
    ]
  }
>
  <Routes>
    <Route
      element={
        <RouterLogger>
          <RegenThemeProvider
            injectFonts={true}
          >
            <CssBaseline />
            <Unknown />
          </RegenThemeProvider>
        </RouterLogger>
      }
      path="/"
    >
      <Route
        index={true}
      />
    </Route>
  </Routes>
</MemoryRouter>
`;

exports[`Storyshots Forms Sign Up Form 1`] = `
<MemoryRouter
  initialEntries={
    Array [
      Object {
        "pathname": "/",
        "search": "",
        "state": undefined,
      },
    ]
  }
>
  <Routes>
    <Route
      element={
        <RouterLogger>
          <RegenThemeProvider
            injectFonts={true}
          >
            <CssBaseline />
            <Unknown />
          </RegenThemeProvider>
        </RouterLogger>
      }
      path="/"
    >
      <Route
        index={true}
      />
    </Route>
  </Routes>
</MemoryRouter>
`;

exports[`Storyshots Forms User Profile 1`] = `
<MemoryRouter
  initialEntries={
    Array [
      Object {
        "pathname": "/",
        "search": "",
        "state": undefined,
      },
    ]
  }
>
  <Routes>
    <Route
      element={
        <RouterLogger>
          <RegenThemeProvider
            injectFonts={true}
          >
            <CssBaseline />
            <Unknown />
          </RegenThemeProvider>
        </RouterLogger>
      }
      path="/"
    >
      <Route
        index={true}
      />
    </Route>
  </Routes>
</MemoryRouter>
`;

exports[`Storyshots GettingStartedResourcesCard Default 1`] = `
<MemoryRouter
  initialEntries={
    Array [
      Object {
        "pathname": "/",
        "search": "",
        "state": undefined,
      },
    ]
  }
>
  <Routes>
    <Route
      element={
        <RouterLogger>
          <RegenThemeProvider
            injectFonts={true}
          >
            <CssBaseline />
            <Unknown />
          </RegenThemeProvider>
        </RouterLogger>
      }
      path="/"
    >
      <Route
        index={true}
      />
    </Route>
  </Routes>
</MemoryRouter>
`;

exports[`Storyshots GradientBadge Default 1`] = `
<MemoryRouter
  initialEntries={
    Array [
      Object {
        "pathname": "/",
        "search": "",
        "state": undefined,
      },
    ]
  }
>
  <Routes>
    <Route
      element={
        <RouterLogger>
          <RegenThemeProvider
            injectFonts={true}
          >
            <CssBaseline />
            <Unknown />
          </RegenThemeProvider>
        </RouterLogger>
      }
      path="/"
    >
      <Route
        index={true}
      />
    </Route>
  </Routes>
</MemoryRouter>
`;

exports[`Storyshots Header Default 1`] = `
<MemoryRouter
  initialEntries={
    Array [
      Object {
        "pathname": "/",
        "search": "",
        "state": undefined,
      },
    ]
  }
>
  <Routes>
    <Route
      element={
        <RouterLogger>
          <RegenThemeProvider
            injectFonts={true}
          >
            <CssBaseline />
            <Unknown />
          </RegenThemeProvider>
        </RouterLogger>
      }
      path="/"
    >
      <Route
        index={true}
      />
    </Route>
  </Routes>
</MemoryRouter>
`;

exports[`Storyshots Icons All Icons 1`] = `
<MemoryRouter
  initialEntries={
    Array [
      Object {
        "pathname": "/",
        "search": "",
        "state": undefined,
      },
    ]
  }
>
  <Routes>
    <Route
      element={
        <RouterLogger>
          <RegenThemeProvider
            injectFonts={true}
          >
            <CssBaseline />
            <Unknown />
          </RegenThemeProvider>
        </RouterLogger>
      }
      path="/"
    >
      <Route
        index={true}
      />
    </Route>
  </Routes>
</MemoryRouter>
`;

exports[`Storyshots Image Grid Image Grid 1`] = `
<MemoryRouter
  initialEntries={
    Array [
      Object {
        "pathname": "/",
        "search": "",
        "state": undefined,
      },
    ]
  }
>
  <Routes>
    <Route
      element={
        <RouterLogger>
          <RegenThemeProvider
            injectFonts={true}
          >
            <CssBaseline />
            <Unknown />
          </RegenThemeProvider>
        </RouterLogger>
      }
      path="/"
    >
      <Route
        index={true}
      />
    </Route>
  </Routes>
</MemoryRouter>
`;

exports[`Storyshots Image Image Default Quality 100 1`] = `
<MemoryRouter
  initialEntries={
    Array [
      Object {
        "pathname": "/",
        "search": "",
        "state": undefined,
      },
    ]
  }
>
  <Routes>
    <Route
      element={
        <RouterLogger>
          <RegenThemeProvider
            injectFonts={true}
          >
            <CssBaseline />
            <Unknown />
          </RegenThemeProvider>
        </RouterLogger>
      }
      path="/"
    >
      <Route
        index={true}
      />
    </Route>
  </Routes>
</MemoryRouter>
`;

exports[`Storyshots Image Item Image Item 1`] = `
<MemoryRouter
  initialEntries={
    Array [
      Object {
        "pathname": "/",
        "search": "",
        "state": undefined,
      },
    ]
  }
>
  <Routes>
    <Route
      element={
        <RouterLogger>
          <RegenThemeProvider
            injectFonts={true}
          >
            <CssBaseline />
            <Unknown />
          </RegenThemeProvider>
        </RouterLogger>
      }
      path="/"
    >
      <Route
        index={true}
      />
    </Route>
  </Routes>
</MemoryRouter>
`;

exports[`Storyshots Image Original Image 1`] = `
<MemoryRouter
  initialEntries={
    Array [
      Object {
        "pathname": "/",
        "search": "",
        "state": undefined,
      },
    ]
  }
>
  <Routes>
    <Route
      element={
        <RouterLogger>
          <RegenThemeProvider
            injectFonts={true}
          >
            <CssBaseline />
            <Unknown />
          </RegenThemeProvider>
        </RouterLogger>
      }
      path="/"
    >
      <Route
        index={true}
      />
    </Route>
  </Routes>
</MemoryRouter>
`;

exports[`Storyshots InfoLabel Default 1`] = `
<MemoryRouter
  initialEntries={
    Array [
      Object {
        "pathname": "/",
        "search": "",
        "state": undefined,
      },
    ]
  }
>
  <Routes>
    <Route
      element={
        <RouterLogger>
          <RegenThemeProvider
            injectFonts={true}
          >
            <CssBaseline />
            <Unknown />
          </RegenThemeProvider>
        </RouterLogger>
      }
      path="/"
    >
      <Route
        index={true}
      />
    </Route>
  </Routes>
</MemoryRouter>
`;

exports[`Storyshots Inputs Date Pick Field 1`] = `
<MemoryRouter
  initialEntries={
    Array [
      Object {
        "pathname": "/",
        "search": "",
        "state": undefined,
      },
    ]
  }
>
  <Routes>
    <Route
      element={
        <RouterLogger>
          <RegenThemeProvider
            injectFonts={true}
          >
            <CssBaseline />
            <Unknown />
          </RegenThemeProvider>
        </RouterLogger>
      }
      path="/"
    >
      <Route
        index={true}
      />
    </Route>
  </Routes>
</MemoryRouter>
`;

exports[`Storyshots Inputs Select Text Field 1`] = `
<MemoryRouter
  initialEntries={
    Array [
      Object {
        "pathname": "/",
        "search": "",
        "state": undefined,
      },
    ]
  }
>
  <Routes>
    <Route
      element={
        <RouterLogger>
          <RegenThemeProvider
            injectFonts={true}
          >
            <CssBaseline />
            <Unknown />
          </RegenThemeProvider>
        </RouterLogger>
      }
      path="/"
    >
      <Route
        index={true}
      />
    </Route>
  </Routes>
</MemoryRouter>
`;

exports[`Storyshots Inputs Toggle 1`] = `
<MemoryRouter
  initialEntries={
    Array [
      Object {
        "pathname": "/",
        "search": "",
        "state": undefined,
      },
    ]
  }
>
  <Routes>
    <Route
      element={
        <RouterLogger>
          <RegenThemeProvider
            injectFonts={true}
          >
            <CssBaseline />
            <Unknown />
          </RegenThemeProvider>
        </RouterLogger>
      }
      path="/"
    >
      <Route
        index={true}
      />
    </Route>
  </Routes>
</MemoryRouter>
`;

exports[`Storyshots Loading Loading Spinner 1`] = `
<MemoryRouter
  initialEntries={
    Array [
      Object {
        "pathname": "/",
        "search": "",
        "state": undefined,
      },
    ]
  }
>
  <Routes>
    <Route
      element={
        <RouterLogger>
          <RegenThemeProvider
            injectFonts={true}
          >
            <CssBaseline />
            <Unknown />
          </RegenThemeProvider>
        </RouterLogger>
      }
      path="/"
    >
      <Route
        index={true}
      />
    </Route>
  </Routes>
</MemoryRouter>
`;

exports[`Storyshots Map Map 1`] = `
<MemoryRouter
  initialEntries={
    Array [
      Object {
        "pathname": "/",
        "search": "",
        "state": undefined,
      },
    ]
  }
>
  <Routes>
    <Route
      element={
        <RouterLogger>
          <RegenThemeProvider
            injectFonts={true}
          >
            <CssBaseline />
            <Unknown />
          </RegenThemeProvider>
        </RouterLogger>
      }
      path="/"
    >
      <Route
        index={true}
      />
    </Route>
  </Routes>
</MemoryRouter>
`;

exports[`Storyshots MarketplaceLaunchBanner Default 1`] = `
<MemoryRouter
  initialEntries={
    Array [
      Object {
        "pathname": "/",
        "search": "",
        "state": undefined,
      },
    ]
  }
>
  <Routes>
    <Route
      element={
        <RouterLogger>
          <RegenThemeProvider
            injectFonts={true}
          >
            <CssBaseline />
            <Unknown />
          </RegenThemeProvider>
        </RouterLogger>
      }
      path="/"
    >
      <Route
        index={true}
      />
    </Route>
  </Routes>
</MemoryRouter>
`;

exports[`Storyshots Modal Basket Put Modal 1`] = `
<MemoryRouter
  initialEntries={
    Array [
      Object {
        "pathname": "/",
        "search": "",
        "state": undefined,
      },
    ]
  }
>
  <Routes>
    <Route
      element={
        <RouterLogger>
          <RegenThemeProvider
            injectFonts={true}
          >
            <CssBaseline />
            <Unknown />
          </RegenThemeProvider>
        </RouterLogger>
      }
      path="/"
    >
      <Route
        index={true}
      />
    </Route>
  </Routes>
</MemoryRouter>
`;

exports[`Storyshots Modal Basket Take Modal 1`] = `
<MemoryRouter
  initialEntries={
    Array [
      Object {
        "pathname": "/",
        "search": "",
        "state": undefined,
      },
    ]
  }
>
  <Routes>
    <Route
      element={
        <RouterLogger>
          <RegenThemeProvider
            injectFonts={true}
          >
            <CssBaseline />
            <Unknown />
          </RegenThemeProvider>
        </RouterLogger>
      }
      path="/"
    >
      <Route
        index={true}
      />
    </Route>
  </Routes>
</MemoryRouter>
`;

exports[`Storyshots Modal Confirm Modal 1`] = `
<MemoryRouter
  initialEntries={
    Array [
      Object {
        "pathname": "/",
        "search": "",
        "state": undefined,
      },
    ]
  }
>
  <Routes>
    <Route
      element={
        <RouterLogger>
          <RegenThemeProvider
            injectFonts={true}
          >
            <CssBaseline />
            <Unknown />
          </RegenThemeProvider>
        </RouterLogger>
      }
      path="/"
    >
      <Route
        index={true}
      />
    </Route>
  </Routes>
</MemoryRouter>
`;

exports[`Storyshots Modal Create Sell Order Modal 1`] = `
<MemoryRouter
  initialEntries={
    Array [
      Object {
        "pathname": "/",
        "search": "",
        "state": undefined,
      },
    ]
  }
>
  <Routes>
    <Route
      element={
        <RouterLogger>
          <RegenThemeProvider
            injectFonts={true}
          >
            <CssBaseline />
            <Unknown />
          </RegenThemeProvider>
        </RouterLogger>
      }
      path="/"
    >
      <Route
        index={true}
      />
    </Route>
  </Routes>
</MemoryRouter>
`;

exports[`Storyshots Modal Crop Round Image Modal 1`] = `
<MemoryRouter
  initialEntries={
    Array [
      Object {
        "pathname": "/",
        "search": "",
        "state": undefined,
      },
    ]
  }
>
  <Routes>
    <Route
      element={
        <RouterLogger>
          <RegenThemeProvider
            injectFonts={true}
          >
            <CssBaseline />
            <Unknown />
          </RegenThemeProvider>
        </RouterLogger>
      }
      path="/"
    >
      <Route
        index={true}
      />
    </Route>
  </Routes>
</MemoryRouter>
`;

exports[`Storyshots Modal Crop Square Image Modal 1`] = `
<MemoryRouter
  initialEntries={
    Array [
      Object {
        "pathname": "/",
        "search": "",
        "state": undefined,
      },
    ]
  }
>
  <Routes>
    <Route
      element={
        <RouterLogger>
          <RegenThemeProvider
            injectFonts={true}
          >
            <CssBaseline />
            <Unknown />
          </RegenThemeProvider>
        </RouterLogger>
      }
      path="/"
    >
      <Route
        index={true}
      />
    </Route>
  </Routes>
</MemoryRouter>
`;

exports[`Storyshots Modal Ledger Modal 1`] = `
<MemoryRouter
  initialEntries={
    Array [
      Object {
        "pathname": "/",
        "search": "",
        "state": undefined,
      },
    ]
  }
>
  <Routes>
    <Route
      element={
        <RouterLogger>
          <RegenThemeProvider
            injectFonts={true}
          >
            <CssBaseline />
            <Unknown />
          </RegenThemeProvider>
        </RouterLogger>
      }
      path="/"
    >
      <Route
        index={true}
      />
    </Route>
  </Routes>
</MemoryRouter>
`;

exports[`Storyshots Modal Modal 1`] = `
<MemoryRouter
  initialEntries={
    Array [
      Object {
        "pathname": "/",
        "search": "",
        "state": undefined,
      },
    ]
  }
>
  <Routes>
    <Route
      element={
        <RouterLogger>
          <RegenThemeProvider
            injectFonts={true}
          >
            <CssBaseline />
            <Unknown />
          </RegenThemeProvider>
        </RouterLogger>
      }
      path="/"
    >
      <Route
        index={true}
      />
    </Route>
  </Routes>
</MemoryRouter>
`;

exports[`Storyshots Modal Processing Modal 1`] = `
<MemoryRouter
  initialEntries={
    Array [
      Object {
        "pathname": "/",
        "search": "",
        "state": undefined,
      },
    ]
  }
>
  <Routes>
    <Route
      element={
        <RouterLogger>
          <RegenThemeProvider
            injectFonts={true}
          >
            <CssBaseline />
            <Unknown />
          </RegenThemeProvider>
        </RouterLogger>
      }
      path="/"
    >
      <Route
        index={true}
      />
    </Route>
  </Routes>
</MemoryRouter>
`;

exports[`Storyshots Modal Tx Error Modal 1`] = `
<MemoryRouter
  initialEntries={
    Array [
      Object {
        "pathname": "/",
        "search": "",
        "state": undefined,
      },
    ]
  }
>
  <Routes>
    <Route
      element={
        <RouterLogger>
          <RegenThemeProvider
            injectFonts={true}
          >
            <CssBaseline />
            <Unknown />
          </RegenThemeProvider>
        </RouterLogger>
      }
      path="/"
    >
      <Route
        index={true}
      />
    </Route>
  </Routes>
</MemoryRouter>
`;

exports[`Storyshots Modal Tx Successful Modal 1`] = `
<MemoryRouter
  initialEntries={
    Array [
      Object {
        "pathname": "/",
        "search": "",
        "state": undefined,
      },
    ]
  }
>
  <Routes>
    <Route
      element={
        <RouterLogger>
          <RegenThemeProvider
            injectFonts={true}
          >
            <CssBaseline />
            <Unknown />
          </RegenThemeProvider>
        </RouterLogger>
      }
      path="/"
    >
      <Route
        index={true}
      />
    </Route>
  </Routes>
</MemoryRouter>
`;

exports[`Storyshots Modal/AddWalletModalConnect Default 1`] = `
<MemoryRouter
  initialEntries={
    Array [
      Object {
        "pathname": "/",
        "search": "",
        "state": undefined,
      },
    ]
  }
>
  <Routes>
    <Route
      element={
        <RouterLogger>
          <RegenThemeProvider
            injectFonts={true}
          >
            <CssBaseline />
            <Unknown />
          </RegenThemeProvider>
        </RouterLogger>
      }
      path="/"
    >
      <Route
        index={true}
      />
    </Route>
  </Routes>
</MemoryRouter>
`;

exports[`Storyshots Modal/AddWalletModalRemove Default 1`] = `
<MemoryRouter
  initialEntries={
    Array [
      Object {
        "pathname": "/",
        "search": "",
        "state": undefined,
      },
    ]
  }
>
  <Routes>
    <Route
      element={
        <RouterLogger>
          <RegenThemeProvider
            injectFonts={true}
          >
            <CssBaseline />
            <Unknown />
          </RegenThemeProvider>
        </RouterLogger>
      }
      path="/"
    >
      <Route
        index={true}
      />
    </Route>
  </Routes>
</MemoryRouter>
`;

exports[`Storyshots Modal/AddWalletModalSwitch Default 1`] = `
<MemoryRouter
  initialEntries={
    Array [
      Object {
        "pathname": "/",
        "search": "",
        "state": undefined,
      },
    ]
  }
>
  <Routes>
    <Route
      element={
        <RouterLogger>
          <RegenThemeProvider
            injectFonts={true}
          >
            <CssBaseline />
            <Unknown />
          </RegenThemeProvider>
        </RouterLogger>
      }
      path="/"
    >
      <Route
        index={true}
      />
    </Route>
  </Routes>
</MemoryRouter>
`;

exports[`Storyshots Modal/WalletModal Default 1`] = `
<MemoryRouter
  initialEntries={
    Array [
      Object {
        "pathname": "/",
        "search": "",
        "state": undefined,
      },
    ]
  }
>
  <Routes>
    <Route
      element={
        <RouterLogger>
          <RegenThemeProvider
            injectFonts={true}
          >
            <CssBaseline />
            <Unknown />
          </RegenThemeProvider>
        </RouterLogger>
      }
      path="/"
    >
      <Route
        index={true}
      />
    </Route>
  </Routes>
</MemoryRouter>
`;

exports[`Storyshots Pagination Default 1`] = `
<MemoryRouter
  initialEntries={
    Array [
      Object {
        "pathname": "/",
        "search": "",
        "state": undefined,
      },
    ]
  }
>
  <Routes>
    <Route
      element={
        <RouterLogger>
          <RegenThemeProvider
            injectFonts={true}
          >
            <CssBaseline />
            <Unknown />
          </RegenThemeProvider>
        </RouterLogger>
      }
      path="/"
    >
      <Route
        index={true}
      />
    </Route>
  </Routes>
</MemoryRouter>
`;

exports[`Storyshots Account Account Address 1`] = `
<MemoryRouter
  initialEntries={
    Array [
      Object {
        "pathname": "/",
        "search": "",
        "state": undefined,
      },
    ]
  }
>
  <Routes>
    <Route
      element={
        <RouterLogger>
          <RegenThemeProvider
            injectFonts={true}
          >
            <CssBaseline />
            <Unknown />
          </RegenThemeProvider>
        </RouterLogger>
      }
      path="/"
    >
      <Route
        index={true}
      />
    </Route>
  </Routes>
</MemoryRouter>
`;

exports[`Storyshots Place Project Place Info 1`] = `
<MemoryRouter
  initialEntries={
    Array [
      Object {
        "pathname": "/",
        "search": "",
        "state": undefined,
      },
    ]
  }
>
  <Routes>
    <Route
      element={
        <RouterLogger>
          <RegenThemeProvider
            injectFonts={true}
          >
            <CssBaseline />
            <Unknown />
          </RegenThemeProvider>
        </RouterLogger>
      }
      path="/"
    >
      <Route
        index={true}
      />
    </Route>
  </Routes>
</MemoryRouter>
`;

exports[`Storyshots ReadMore Read More 1`] = `
<MemoryRouter
  initialEntries={
    Array [
      Object {
        "pathname": "/",
        "search": "",
        "state": undefined,
      },
    ]
  }
>
  <Routes>
    <Route
      element={
        <RouterLogger>
          <RegenThemeProvider
            injectFonts={true}
          >
            <CssBaseline />
            <Unknown />
          </RegenThemeProvider>
        </RouterLogger>
      }
      path="/"
    >
      <Route
        index={true}
      />
    </Route>
  </Routes>
</MemoryRouter>
`;

exports[`Storyshots Registry/Molecules/Role Field Roles Input 1`] = `
<MemoryRouter
  initialEntries={
    Array [
      Object {
        "pathname": "/",
        "search": "",
        "state": undefined,
      },
    ]
  }
>
  <Routes>
    <Route
      element={
        <RouterLogger>
          <RegenThemeProvider
            injectFonts={true}
          >
            <CssBaseline />
            <Unknown />
          </RegenThemeProvider>
        </RouterLogger>
      }
      path="/"
    >
      <Route
        index={true}
      />
    </Route>
  </Routes>
</MemoryRouter>
`;

exports[`Storyshots Registry/Molecules/Scrollable Codebox Scrollable Codebox 1`] = `
<MemoryRouter
  initialEntries={
    Array [
      Object {
        "pathname": "/",
        "search": "",
        "state": undefined,
      },
    ]
  }
>
  <Routes>
    <Route
      element={
        <RouterLogger>
          <RegenThemeProvider
            injectFonts={true}
          >
            <CssBaseline />
            <Unknown />
          </RegenThemeProvider>
        </RouterLogger>
      }
      path="/"
    >
      <Route
        index={true}
      />
    </Route>
  </Routes>
</MemoryRouter>
`;

exports[`Storyshots Registry/Organisms/Bridge Modal Bridge Modal 1`] = `
<MemoryRouter
  initialEntries={
    Array [
      Object {
        "pathname": "/",
        "search": "",
        "state": undefined,
      },
    ]
  }
>
  <Routes>
    <Route
      element={
        <RouterLogger>
          <RegenThemeProvider
            injectFonts={true}
          >
            <CssBaseline />
            <Unknown />
          </RegenThemeProvider>
        </RouterLogger>
      }
      path="/"
    >
      <Route
        index={true}
      />
    </Route>
  </Routes>
</MemoryRouter>
`;

exports[`Storyshots Registry/Organisms/Credit Class Form Create Credit Class Form 1`] = `
<MemoryRouter
  initialEntries={
    Array [
      Object {
        "pathname": "/",
        "search": "",
        "state": undefined,
      },
    ]
  }
>
  <Routes>
    <Route
      element={
        <RouterLogger>
          <RegenThemeProvider
            injectFonts={true}
          >
            <CssBaseline />
            <Unknown />
          </RegenThemeProvider>
        </RouterLogger>
      }
      path="/"
    >
      <Route
        index={true}
      />
    </Route>
  </Routes>
</MemoryRouter>
`;

exports[`Storyshots Registry/Organisms/Credit Class Form Credit Class Finished 1`] = `
<MemoryRouter
  initialEntries={
    Array [
      Object {
        "pathname": "/",
        "search": "",
        "state": undefined,
      },
    ]
  }
>
  <Routes>
    <Route
      element={
        <RouterLogger>
          <RegenThemeProvider
            injectFonts={true}
          >
            <CssBaseline />
            <Unknown />
          </RegenThemeProvider>
        </RouterLogger>
      }
      path="/"
    >
      <Route
        index={true}
      />
    </Route>
  </Routes>
</MemoryRouter>
`;

exports[`Storyshots Registry/Organisms/Credit Class Form Credit Class Form 1`] = `
<MemoryRouter
  initialEntries={
    Array [
      Object {
        "pathname": "/",
        "search": "",
        "state": undefined,
      },
    ]
  }
>
  <Routes>
    <Route
      element={
        <RouterLogger>
          <RegenThemeProvider
            injectFonts={true}
          >
            <CssBaseline />
            <Unknown />
          </RegenThemeProvider>
        </RouterLogger>
      }
      path="/"
    >
      <Route
        index={true}
      />
    </Route>
  </Routes>
</MemoryRouter>
`;

exports[`Storyshots Registry/Organisms/Credit Class Form Credit Class Review 1`] = `
<MemoryRouter
  initialEntries={
    Array [
      Object {
        "pathname": "/",
        "search": "",
        "state": undefined,
      },
    ]
  }
>
  <Routes>
    <Route
      element={
        <RouterLogger>
          <RegenThemeProvider
            injectFonts={true}
          >
            <CssBaseline />
            <Unknown />
          </RegenThemeProvider>
        </RouterLogger>
      }
      path="/"
    >
      <Route
        index={true}
      />
    </Route>
  </Routes>
</MemoryRouter>
`;

exports[`Storyshots Registry/Organisms/Credit Retire Modal Credit Send Modal 1`] = `
<MemoryRouter
  initialEntries={
    Array [
      Object {
        "pathname": "/",
        "search": "",
        "state": undefined,
      },
    ]
  }
>
  <Routes>
    <Route
      element={
        <RouterLogger>
          <RegenThemeProvider
            injectFonts={true}
          >
            <CssBaseline />
            <Unknown />
          </RegenThemeProvider>
        </RouterLogger>
      }
      path="/"
    >
      <Route
        index={true}
      />
    </Route>
  </Routes>
</MemoryRouter>
`;

exports[`Storyshots Registry/Organisms/Credit Send Form Credit Retire Form 1`] = `
<MemoryRouter
  initialEntries={
    Array [
      Object {
        "pathname": "/",
        "search": "",
        "state": undefined,
      },
    ]
  }
>
  <Routes>
    <Route
      element={
        <RouterLogger>
          <RegenThemeProvider
            injectFonts={true}
          >
            <CssBaseline />
            <Unknown />
          </RegenThemeProvider>
        </RouterLogger>
      }
      path="/"
    >
      <Route
        index={true}
      />
    </Route>
  </Routes>
</MemoryRouter>
`;

exports[`Storyshots Registry/Organisms/Credit Send Form Credit Send Form 1`] = `
<MemoryRouter
  initialEntries={
    Array [
      Object {
        "pathname": "/",
        "search": "",
        "state": undefined,
      },
    ]
  }
>
  <Routes>
    <Route
      element={
        <RouterLogger>
          <RegenThemeProvider
            injectFonts={true}
          >
            <CssBaseline />
            <Unknown />
          </RegenThemeProvider>
        </RouterLogger>
      }
      path="/"
    >
      <Route
        index={true}
      />
    </Route>
  </Routes>
</MemoryRouter>
`;

exports[`Storyshots Registry/Organisms/Credit Send Modal Credit Send Modal 1`] = `
<MemoryRouter
  initialEntries={
    Array [
      Object {
        "pathname": "/",
        "search": "",
        "state": undefined,
      },
    ]
  }
>
  <Routes>
    <Route
      element={
        <RouterLogger>
          <RegenThemeProvider
            injectFonts={true}
          >
            <CssBaseline />
            <Unknown />
          </RegenThemeProvider>
        </RouterLogger>
      }
      path="/"
    >
      <Route
        index={true}
      />
    </Route>
  </Routes>
</MemoryRouter>
`;

exports[`Storyshots Registry/Organisms/EditProfileForm Default 1`] = `
<MemoryRouter
  initialEntries={
    Array [
      Object {
        "pathname": "/",
        "search": "",
        "state": undefined,
      },
    ]
  }
>
  <Routes>
    <Route
      element={
        <RouterLogger>
          <RegenThemeProvider
            injectFonts={true}
          >
            <CssBaseline />
            <Unknown />
          </RegenThemeProvider>
        </RouterLogger>
      }
      path="/"
    >
      <Route
        index={true}
      />
    </Route>
  </Routes>
</MemoryRouter>
`;

exports[`Storyshots Registry/Organisms/MediaForm Media Form 1`] = `
<MemoryRouter
  initialEntries={
    Array [
      Object {
        "pathname": "/",
        "search": "",
        "state": undefined,
      },
    ]
  }
>
  <Routes>
    <Route
      element={
        <RouterLogger>
          <RegenThemeProvider
            injectFonts={true}
          >
            <CssBaseline />
            <Unknown />
          </RegenThemeProvider>
        </RouterLogger>
      }
      path="/"
    >
      <Route
        index={true}
      />
    </Route>
  </Routes>
</MemoryRouter>
`;

exports[`Storyshots Registry/Organisms/Project Metadata Form Project Metadata Form 1`] = `
<MemoryRouter
  initialEntries={
    Array [
      Object {
        "pathname": "/",
        "search": "",
        "state": undefined,
      },
    ]
  }
>
  <Routes>
    <Route
      element={
        <RouterLogger>
          <RegenThemeProvider
            injectFonts={true}
          >
            <CssBaseline />
            <Unknown />
          </RegenThemeProvider>
        </RouterLogger>
      }
      path="/"
    >
      <Route
        index={true}
      />
    </Route>
  </Routes>
</MemoryRouter>
`;

exports[`Storyshots Registry/Templates/Multi Step Template Multi Step Template 1`] = `
<MemoryRouter
  initialEntries={
    Array [
      Object {
        "pathname": "/",
        "search": "",
        "state": undefined,
      },
    ]
  }
>
  <Routes>
    <Route
      element={
        <RouterLogger>
          <RegenThemeProvider
            injectFonts={true}
          >
            <CssBaseline />
            <Unknown />
          </RegenThemeProvider>
        </RouterLogger>
      }
      path="/"
    >
      <Route
        index={true}
      />
    </Route>
  </Routes>
</MemoryRouter>
`;

exports[`Storyshots ShareSection Default 1`] = `
<MemoryRouter
  initialEntries={
    Array [
      Object {
        "pathname": "/",
        "search": "",
        "state": undefined,
      },
    ]
  }
>
  <Routes>
    <Route
      element={
        <RouterLogger>
          <RegenThemeProvider
            injectFonts={true}
          >
            <CssBaseline />
            <Unknown />
          </RegenThemeProvider>
        </RouterLogger>
      }
      path="/"
    >
      <Route
        index={true}
      />
    </Route>
  </Routes>
</MemoryRouter>
`;

exports[`Storyshots Sliders Project Media 1`] = `
<MemoryRouter
  initialEntries={
    Array [
      Object {
        "pathname": "/",
        "search": "",
        "state": undefined,
      },
    ]
  }
>
  <Routes>
    <Route
      element={
        <RouterLogger>
          <RegenThemeProvider
            injectFonts={true}
          >
            <CssBaseline />
            <Unknown />
          </RegenThemeProvider>
        </RouterLogger>
      }
      path="/"
    >
      <Route
        index={true}
      />
    </Route>
  </Routes>
</MemoryRouter>
`;

exports[`Storyshots Sliders Project Media With Map 1`] = `
<MemoryRouter
  initialEntries={
    Array [
      Object {
        "pathname": "/",
        "search": "",
        "state": undefined,
      },
    ]
  }
>
  <Routes>
    <Route
      element={
        <RouterLogger>
          <RegenThemeProvider
            injectFonts={true}
          >
            <CssBaseline />
            <Unknown />
          </RegenThemeProvider>
        </RouterLogger>
      }
      path="/"
    >
      <Route
        index={true}
      />
    </Route>
  </Routes>
</MemoryRouter>
`;

exports[`Storyshots Sliders Protected Species 1`] = `
<MemoryRouter
  initialEntries={
    Array [
      Object {
        "pathname": "/",
        "search": "",
        "state": undefined,
      },
    ]
  }
>
  <Routes>
    <Route
      element={
        <RouterLogger>
          <RegenThemeProvider
            injectFonts={true}
          >
            <CssBaseline />
            <Unknown />
          </RegenThemeProvider>
        </RouterLogger>
      }
      path="/"
    >
      <Route
        index={true}
      />
    </Route>
  </Routes>
</MemoryRouter>
`;

exports[`Storyshots StickyBar Default 1`] = `
<MemoryRouter
  initialEntries={
    Array [
      Object {
        "pathname": "/",
        "search": "",
        "state": undefined,
      },
    ]
  }
>
  <Routes>
    <Route
      element={
        <RouterLogger>
          <RegenThemeProvider
            injectFonts={true}
          >
            <CssBaseline />
            <Unknown />
          </RegenThemeProvider>
        </RouterLogger>
      }
      path="/"
    >
      <Route
        index={true}
      />
    </Route>
  </Routes>
</MemoryRouter>
`;

exports[`Storyshots Table Actions Table 1`] = `
<MemoryRouter
  initialEntries={
    Array [
      Object {
        "pathname": "/",
        "search": "",
        "state": undefined,
      },
    ]
  }
>
  <Routes>
    <Route
      element={
        <RouterLogger>
          <RegenThemeProvider
            injectFonts={true}
          >
            <CssBaseline />
            <Unknown />
          </RegenThemeProvider>
        </RouterLogger>
      }
      path="/"
    >
      <Route
        index={true}
      />
    </Route>
  </Routes>
</MemoryRouter>
`;

exports[`Storyshots Table Documentation Table 1`] = `
<MemoryRouter
  initialEntries={
    Array [
      Object {
        "pathname": "/",
        "search": "",
        "state": undefined,
      },
    ]
  }
>
  <Routes>
    <Route
      element={
        <RouterLogger>
          <RegenThemeProvider
            injectFonts={true}
          >
            <CssBaseline />
            <Unknown />
          </RegenThemeProvider>
        </RouterLogger>
      }
      path="/"
    >
      <Route
        index={true}
      />
    </Route>
  </Routes>
</MemoryRouter>
`;

exports[`Storyshots Table Table Pagination 1`] = `
<MemoryRouter
  initialEntries={
    Array [
      Object {
        "pathname": "/",
        "search": "",
        "state": undefined,
      },
    ]
  }
>
  <Routes>
    <Route
      element={
        <RouterLogger>
          <RegenThemeProvider
            injectFonts={true}
          >
            <CssBaseline />
            <Unknown />
          </RegenThemeProvider>
        </RouterLogger>
      }
      path="/"
    >
      <Route
        index={true}
      />
    </Route>
  </Routes>
</MemoryRouter>
`;

exports[`Storyshots Tabs Icon Tabs 1`] = `
<MemoryRouter
  initialEntries={
    Array [
      Object {
        "pathname": "/",
        "search": "",
        "state": undefined,
      },
    ]
  }
>
  <Routes>
    <Route
      element={
        <RouterLogger>
          <RegenThemeProvider
            injectFonts={true}
          >
            <CssBaseline />
            <Unknown />
          </RegenThemeProvider>
        </RouterLogger>
      }
      path="/"
    >
      <Route
        index={true}
      />
    </Route>
  </Routes>
</MemoryRouter>
`;

exports[`Storyshots Tabs Mrv Tabs 1`] = `
<MemoryRouter
  initialEntries={
    Array [
      Object {
        "pathname": "/",
        "search": "",
        "state": undefined,
      },
    ]
  }
>
  <Routes>
    <Route
      element={
        <RouterLogger>
          <RegenThemeProvider
            injectFonts={true}
          >
            <CssBaseline />
            <Unknown />
          </RegenThemeProvider>
        </RouterLogger>
      }
      path="/"
    >
      <Route
        index={true}
      />
    </Route>
  </Routes>
</MemoryRouter>
`;

exports[`Storyshots Text Layouts Labeled Detail 1`] = `
<MemoryRouter
  initialEntries={
    Array [
      Object {
        "pathname": "/",
        "search": "",
        "state": undefined,
      },
    ]
  }
>
  <Routes>
    <Route
      element={
        <RouterLogger>
          <RegenThemeProvider
            injectFonts={true}
          >
            <CssBaseline />
            <Unknown />
          </RegenThemeProvider>
        </RouterLogger>
      }
      path="/"
    >
      <Route
        index={true}
      />
    </Route>
  </Routes>
</MemoryRouter>
`;

exports[`Storyshots Text Layouts Labeled Number 1`] = `
<MemoryRouter
  initialEntries={
    Array [
      Object {
        "pathname": "/",
        "search": "",
        "state": undefined,
      },
    ]
  }
>
  <Routes>
    <Route
      element={
        <RouterLogger>
          <RegenThemeProvider
            injectFonts={true}
          >
            <CssBaseline />
            <Unknown />
          </RegenThemeProvider>
        </RouterLogger>
      }
      path="/"
    >
      <Route
        index={true}
      />
    </Route>
  </Routes>
</MemoryRouter>
`;

exports[`Storyshots Text Layouts Title Description 1`] = `
<MemoryRouter
  initialEntries={
    Array [
      Object {
        "pathname": "/",
        "search": "",
        "state": undefined,
      },
    ]
  }
>
  <Routes>
    <Route
      element={
        <RouterLogger>
          <RegenThemeProvider
            injectFonts={true}
          >
            <CssBaseline />
            <Unknown />
          </RegenThemeProvider>
        </RouterLogger>
      }
      path="/"
    >
      <Route
        index={true}
      />
    </Route>
  </Routes>
</MemoryRouter>
`;

exports[`Storyshots Timeline New Timeline 1`] = `
<MemoryRouter
  initialEntries={
    Array [
      Object {
        "pathname": "/",
        "search": "",
        "state": undefined,
      },
    ]
  }
>
  <Routes>
    <Route
      element={
        <RouterLogger>
          <RegenThemeProvider
            injectFonts={true}
          >
            <CssBaseline />
            <Unknown />
          </RegenThemeProvider>
        </RouterLogger>
      }
      path="/"
    >
      <Route
        index={true}
      />
    </Route>
  </Routes>
</MemoryRouter>
`;

exports[`Storyshots Timeline Timeline 1`] = `
<MemoryRouter
  initialEntries={
    Array [
      Object {
        "pathname": "/",
        "search": "",
        "state": undefined,
      },
    ]
  }
>
  <Routes>
    <Route
      element={
        <RouterLogger>
          <RegenThemeProvider
            injectFonts={true}
          >
            <CssBaseline />
            <Unknown />
          </RegenThemeProvider>
        </RouterLogger>
      }
      path="/"
    >
      <Route
        index={true}
      />
    </Route>
  </Routes>
</MemoryRouter>
`;

exports[`Storyshots Timeline Timeline Item 1`] = `
<MemoryRouter
  initialEntries={
    Array [
      Object {
        "pathname": "/",
        "search": "",
        "state": undefined,
      },
    ]
  }
>
  <Routes>
    <Route
      element={
        <RouterLogger>
          <RegenThemeProvider
            injectFonts={true}
          >
            <CssBaseline />
            <Unknown />
          </RegenThemeProvider>
        </RouterLogger>
      }
      path="/"
    >
      <Route
        index={true}
      />
    </Route>
  </Routes>
</MemoryRouter>
`;

exports[`Storyshots Tooltip Info 1`] = `
<MemoryRouter
  initialEntries={
    Array [
      Object {
        "pathname": "/",
        "search": "",
        "state": undefined,
      },
    ]
  }
>
  <Routes>
    <Route
      element={
        <RouterLogger>
          <RegenThemeProvider
            injectFonts={true}
          >
            <CssBaseline />
            <Unknown />
          </RegenThemeProvider>
        </RouterLogger>
      }
      path="/"
    >
      <Route
        index={true}
      />
    </Route>
  </Routes>
</MemoryRouter>
`;

exports[`Storyshots Tooltip Info With Icon 1`] = `
<MemoryRouter
  initialEntries={
    Array [
      Object {
        "pathname": "/",
        "search": "",
        "state": undefined,
      },
    ]
  }
>
  <Routes>
    <Route
      element={
        <RouterLogger>
          <RegenThemeProvider
            injectFonts={true}
          >
            <CssBaseline />
            <Unknown />
          </RegenThemeProvider>
        </RouterLogger>
      }
      path="/"
    >
      <Route
        index={true}
      />
    </Route>
  </Routes>
</MemoryRouter>
`;

exports[`Storyshots Tooltip Main Title 1`] = `
<MemoryRouter
  initialEntries={
    Array [
      Object {
        "pathname": "/",
        "search": "",
        "state": undefined,
      },
    ]
  }
>
  <Routes>
    <Route
      element={
        <RouterLogger>
          <RegenThemeProvider
            injectFonts={true}
          >
            <CssBaseline />
            <Unknown />
          </RegenThemeProvider>
        </RouterLogger>
      }
      path="/"
    >
      <Route
        index={true}
      />
    </Route>
  </Routes>
</MemoryRouter>
`;

exports[`Storyshots Typography Body 1`] = `
<MemoryRouter
  initialEntries={
    Array [
      Object {
        "pathname": "/",
        "search": "",
        "state": undefined,
      },
    ]
  }
>
  <Routes>
    <Route
      element={
        <RouterLogger>
          <RegenThemeProvider
            injectFonts={true}
          >
            <CssBaseline />
            <Unknown />
          </RegenThemeProvider>
        </RouterLogger>
      }
      path="/"
    >
      <Route
        index={true}
      />
    </Route>
  </Routes>
</MemoryRouter>
`;

exports[`Storyshots Typography Label 1`] = `
<MemoryRouter
  initialEntries={
    Array [
      Object {
        "pathname": "/",
        "search": "",
        "state": undefined,
      },
    ]
  }
>
  <Routes>
    <Route
      element={
        <RouterLogger>
          <RegenThemeProvider
            injectFonts={true}
          >
            <CssBaseline />
            <Unknown />
          </RegenThemeProvider>
        </RouterLogger>
      }
      path="/"
    >
      <Route
        index={true}
      />
    </Route>
  </Routes>
</MemoryRouter>
`;

exports[`Storyshots Typography Subtitle 1`] = `
<MemoryRouter
  initialEntries={
    Array [
      Object {
        "pathname": "/",
        "search": "",
        "state": undefined,
      },
    ]
  }
>
  <Routes>
    <Route
      element={
        <RouterLogger>
          <RegenThemeProvider
            injectFonts={true}
          >
            <CssBaseline />
            <Unknown />
          </RegenThemeProvider>
        </RouterLogger>
      }
      path="/"
    >
      <Route
        index={true}
      />
    </Route>
  </Routes>
</MemoryRouter>
`;

exports[`Storyshots Typography Title 1`] = `
<MemoryRouter
  initialEntries={
    Array [
      Object {
        "pathname": "/",
        "search": "",
        "state": undefined,
      },
    ]
  }
>
  <Routes>
    <Route
      element={
        <RouterLogger>
          <RegenThemeProvider
            injectFonts={true}
          >
            <CssBaseline />
            <Unknown />
          </RegenThemeProvider>
        </RouterLogger>
      }
      path="/"
    >
      <Route
        index={true}
      />
    </Route>
  </Routes>
</MemoryRouter>
`;

exports[`Storyshots User Big User Avatar 1`] = `
<MemoryRouter
  initialEntries={
    Array [
      Object {
        "pathname": "/",
        "search": "",
        "state": undefined,
      },
    ]
  }
>
  <Routes>
    <Route
      element={
        <RouterLogger>
          <RegenThemeProvider
            injectFonts={true}
          >
            <CssBaseline />
            <Unknown />
          </RegenThemeProvider>
        </RouterLogger>
      }
      path="/"
    >
      <Route
        index={true}
      />
    </Route>
  </Routes>
</MemoryRouter>
`;

exports[`Storyshots User Column User Info 1`] = `
<MemoryRouter
  initialEntries={
    Array [
      Object {
        "pathname": "/",
        "search": "",
        "state": undefined,
      },
    ]
  }
>
  <Routes>
    <Route
      element={
        <RouterLogger>
          <RegenThemeProvider
            injectFonts={true}
          >
            <CssBaseline />
            <Unknown />
          </RegenThemeProvider>
        </RouterLogger>
      }
      path="/"
    >
      <Route
        index={true}
      />
    </Route>
  </Routes>
</MemoryRouter>
`;

exports[`Storyshots User Fallback User Avatar 1`] = `
<MemoryRouter
  initialEntries={
    Array [
      Object {
        "pathname": "/",
        "search": "",
        "state": undefined,
      },
    ]
  }
>
  <Routes>
    <Route
      element={
        <RouterLogger>
          <RegenThemeProvider
            injectFonts={true}
          >
            <CssBaseline />
            <Unknown />
          </RegenThemeProvider>
        </RouterLogger>
      }
      path="/"
    >
      <Route
        index={true}
      />
    </Route>
  </Routes>
</MemoryRouter>
`;

exports[`Storyshots User Medium User Avatar 1`] = `
<MemoryRouter
  initialEntries={
    Array [
      Object {
        "pathname": "/",
        "search": "",
        "state": undefined,
      },
    ]
  }
>
  <Routes>
    <Route
      element={
        <RouterLogger>
          <RegenThemeProvider
            injectFonts={true}
          >
            <CssBaseline />
            <Unknown />
          </RegenThemeProvider>
        </RouterLogger>
      }
      path="/"
    >
      <Route
        index={true}
      />
    </Route>
  </Routes>
</MemoryRouter>
`;

exports[`Storyshots User User Avatar With Link 1`] = `
<MemoryRouter
  initialEntries={
    Array [
      Object {
        "pathname": "/",
        "search": "",
        "state": undefined,
      },
    ]
  }
>
  <Routes>
    <Route
      element={
        <RouterLogger>
          <RegenThemeProvider
            injectFonts={true}
          >
            <CssBaseline />
            <Unknown />
          </RegenThemeProvider>
        </RouterLogger>
      }
      path="/"
    >
      <Route
        index={true}
      />
    </Route>
  </Routes>
</MemoryRouter>
`;

exports[`Storyshots User User Info 1`] = `
<MemoryRouter
  initialEntries={
    Array [
      Object {
        "pathname": "/",
        "search": "",
        "state": undefined,
      },
    ]
  }
>
  <Routes>
    <Route
      element={
        <RouterLogger>
          <RegenThemeProvider
            injectFonts={true}
          >
            <CssBaseline />
            <Unknown />
          </RegenThemeProvider>
        </RouterLogger>
      }
      path="/"
    >
      <Route
        index={true}
      />
    </Route>
  </Routes>
</MemoryRouter>
`;

exports[`Storyshots User With Title 1`] = `
<MemoryRouter
  initialEntries={
    Array [
      Object {
        "pathname": "/",
        "search": "",
        "state": undefined,
      },
    ]
  }
>
  <Routes>
    <Route
      element={
        <RouterLogger>
          <RegenThemeProvider
            injectFonts={true}
          >
            <CssBaseline />
            <Unknown />
          </RegenThemeProvider>
        </RouterLogger>
      }
      path="/"
    >
      <Route
        index={true}
      />
    </Route>
  </Routes>
</MemoryRouter>
`;

exports[`Storyshots Views Error View 1`] = `
<MemoryRouter
  initialEntries={
    Array [
      Object {
        "pathname": "/",
        "search": "",
        "state": undefined,
      },
    ]
  }
>
  <Routes>
    <Route
      element={
        <RouterLogger>
          <RegenThemeProvider
            injectFonts={true}
          >
            <CssBaseline />
            <Unknown />
          </RegenThemeProvider>
        </RouterLogger>
      }
      path="/"
    >
      <Route
        index={true}
      />
    </Route>
  </Routes>
</MemoryRouter>
`;

exports[`Storyshots Views Not Found View 1`] = `
<MemoryRouter
  initialEntries={
    Array [
      Object {
        "pathname": "/",
        "search": "",
        "state": undefined,
      },
    ]
  }
>
  <Routes>
    <Route
      element={
        <RouterLogger>
          <RegenThemeProvider
            injectFonts={true}
          >
            <CssBaseline />
            <Unknown />
          </RegenThemeProvider>
        </RouterLogger>
      }
      path="/"
    >
      <Route
        index={true}
      />
    </Route>
  </Routes>
</MemoryRouter>
`;

exports[`Storyshots atoms/CardRibbon Default 1`] = `
<MemoryRouter
  initialEntries={
    Array [
      Object {
        "pathname": "/",
        "search": "",
        "state": undefined,
      },
    ]
  }
>
  <Routes>
    <Route
      element={
        <RouterLogger>
          <RegenThemeProvider
            injectFonts={true}
          >
            <CssBaseline />
            <Unknown />
          </RegenThemeProvider>
        </RouterLogger>
      }
      path="/"
    >
      <Route
        index={true}
      />
    </Route>
  </Routes>
</MemoryRouter>
`;

exports[`Storyshots atoms/RadioCard Default 1`] = `
<MemoryRouter
  initialEntries={
    Array [
      Object {
        "pathname": "/",
        "search": "",
        "state": undefined,
      },
    ]
  }
>
  <Routes>
    <Route
      element={
        <RouterLogger>
          <RegenThemeProvider
            injectFonts={true}
          >
            <CssBaseline />
            <Unknown />
          </RegenThemeProvider>
        </RouterLogger>
      }
      path="/"
    >
      <Route
        index={true}
      />
    </Route>
  </Routes>
</MemoryRouter>
`;

exports[`Storyshots molecules/ActionCard Default 1`] = `
<MemoryRouter
  initialEntries={
    Array [
      Object {
        "pathname": "/",
        "search": "",
        "state": undefined,
      },
    ]
  }
>
  <Routes>
    <Route
      element={
        <RouterLogger>
          <RegenThemeProvider
            injectFonts={true}
          >
            <CssBaseline />
            <Unknown />
          </RegenThemeProvider>
        </RouterLogger>
      }
      path="/"
    >
      <Route
        index={true}
      />
    </Route>
  </Routes>
</MemoryRouter>
`;

exports[`Storyshots molecules/ActionCard Default 2 1`] = `
<MemoryRouter
  initialEntries={
    Array [
      Object {
        "pathname": "/",
        "search": "",
        "state": undefined,
      },
    ]
  }
>
  <Routes>
    <Route
      element={
        <RouterLogger>
          <RegenThemeProvider
            injectFonts={true}
          >
            <CssBaseline />
            <Unknown />
          </RegenThemeProvider>
        </RouterLogger>
      }
      path="/"
    >
      <Route
        index={true}
      />
    </Route>
  </Routes>
</MemoryRouter>
`;

exports[`Storyshots molecules/EcologicalCreditCard Default 1`] = `
<MemoryRouter
  initialEntries={
    Array [
      Object {
        "pathname": "/",
        "search": "",
        "state": undefined,
      },
    ]
  }
>
  <Routes>
    <Route
      element={
        <RouterLogger>
          <RegenThemeProvider
            injectFonts={true}
          >
            <CssBaseline />
            <Unknown />
          </RegenThemeProvider>
        </RouterLogger>
      }
      path="/"
    >
      <Route
        index={true}
      />
    </Route>
  </Routes>
</MemoryRouter>
`;

exports[`Storyshots molecules/InfoCard Default 1`] = `
<MemoryRouter
  initialEntries={
    Array [
      Object {
        "pathname": "/",
        "search": "",
        "state": undefined,
      },
    ]
  }
>
  <Routes>
    <Route
      element={
        <RouterLogger>
          <RegenThemeProvider
            injectFonts={true}
          >
            <CssBaseline />
            <Unknown />
          </RegenThemeProvider>
        </RouterLogger>
      }
      path="/"
    >
      <Route
        index={true}
      />
    </Route>
  </Routes>
</MemoryRouter>
`;

exports[`Storyshots molecules/StatCard Default 1`] = `
<MemoryRouter
  initialEntries={
    Array [
      Object {
        "pathname": "/",
        "search": "",
        "state": undefined,
      },
    ]
  }
>
  <Routes>
    <Route
      element={
        <RouterLogger>
          <RegenThemeProvider
            injectFonts={true}
          >
            <CssBaseline />
            <Unknown />
          </RegenThemeProvider>
        </RouterLogger>
      }
      path="/"
    >
      <Route
        index={true}
      />
    </Route>
  </Routes>
</MemoryRouter>
`;

exports[`Storyshots organisms/CancelButtonFooter Default 1`] = `
<MemoryRouter
  initialEntries={
    Array [
      Object {
        "pathname": "/",
        "search": "",
        "state": undefined,
      },
    ]
  }
>
  <Routes>
    <Route
      element={
        <RouterLogger>
          <RegenThemeProvider
            injectFonts={true}
          >
            <CssBaseline />
            <Unknown />
          </RegenThemeProvider>
        </RouterLogger>
      }
      path="/"
    >
      <Route
        index={true}
      />
    </Route>
  </Routes>
</MemoryRouter>
`;

exports[`Storyshots organisms/CardsGridContainer Default 1`] = `
<MemoryRouter
  initialEntries={
    Array [
      Object {
        "pathname": "/",
        "search": "",
        "state": undefined,
      },
    ]
  }
>
  <Routes>
    <Route
      element={
        <RouterLogger>
          <RegenThemeProvider
            injectFonts={true}
          >
            <CssBaseline />
            <Unknown />
          </RegenThemeProvider>
        </RouterLogger>
      }
      path="/"
    >
      <Route
        index={true}
      />
    </Route>
  </Routes>
</MemoryRouter>
`;

exports[`Storyshots organisms/CarouselSection Default 1`] = `
<MemoryRouter
  initialEntries={
    Array [
      Object {
        "pathname": "/",
        "search": "",
        "state": undefined,
      },
    ]
  }
>
  <Routes>
    <Route
      element={
        <RouterLogger>
          <RegenThemeProvider
            injectFonts={true}
          >
            <CssBaseline />
            <Unknown />
          </RegenThemeProvider>
        </RouterLogger>
      }
      path="/"
    >
      <Route
        index={true}
      />
    </Route>
  </Routes>
</MemoryRouter>
`;

exports[`Storyshots organisms/Gallery Default 1`] = `
<MemoryRouter
  initialEntries={
    Array [
      Object {
        "pathname": "/",
        "search": "",
        "state": undefined,
      },
    ]
  }
>
  <Routes>
    <Route
      element={
        <RouterLogger>
          <RegenThemeProvider
            injectFonts={true}
          >
            <CssBaseline />
            <Unknown />
          </RegenThemeProvider>
        </RouterLogger>
      }
      path="/"
    >
      <Route
        index={true}
      />
    </Route>
  </Routes>
</MemoryRouter>
`;

exports[`Storyshots organisms/Section Default 1`] = `
<MemoryRouter
  initialEntries={
    Array [
      Object {
        "pathname": "/",
        "search": "",
        "state": undefined,
      },
    ]
  }
>
  <Routes>
    <Route
      element={
        <RouterLogger>
          <RegenThemeProvider
            injectFonts={true}
          >
            <CssBaseline />
            <Unknown />
          </RegenThemeProvider>
        </RouterLogger>
      }
      path="/"
    >
      <Route
        index={true}
      />
    </Route>
  </Routes>
</MemoryRouter>
`;

exports[`Storyshots organisms/StatCardsSection Default 1`] = `
<MemoryRouter
  initialEntries={
    Array [
      Object {
        "pathname": "/",
        "search": "",
        "state": undefined,
      },
    ]
  }
>
  <Routes>
    <Route
      element={
        <RouterLogger>
          <RegenThemeProvider
            injectFonts={true}
          >
            <CssBaseline />
            <Unknown />
          </RegenThemeProvider>
        </RouterLogger>
      }
      path="/"
    >
      <Route
        index={true}
      />
    </Route>
  </Routes>
</MemoryRouter>
`;
